company_id,year,category,detail
ABB,2012-12,ICR_DEBT_FREE,interest=0.0
ABB,2014-03,ICR_DEBT_FREE,interest=0.0
ABB,2015-03,ICR_DEBT_FREE,interest=0.0
ADANIENSOL,2014-03,ICR_DEBT_FREE,interest=0.0
ADANIENSOL,2018-03,CAGR_TURNAROUND,field=net_profit,window=3yr
ADANIENSOL,2020-03,CAGR_TURNAROUND,field=net_profit,window=5yr
ADANIENSOL,2024-03,OPM_CROSSCHECK_MISMATCH,source=30.0,computed=34.39
ADANIGREEN,2021-03,CAGR_TURNAROUND,field=net_profit,window=3yr
ADANIGREEN,2021-03,CAGR_TURNAROUND,field=eps,window=3yr
ADANIGREEN,2022-03,CAGR_TURNAROUND,field=net_profit,window=3yr
ADANIGREEN,2022-03,CAGR_TURNAROUND,field=net_profit,window=5yr
ADANIGREEN,2022-03,CAGR_TURNAROUND,field=eps,window=3yr
ADANIGREEN,2023-03,CAGR_TURNAROUND,field=net_profit,window=3yr
ADANIGREEN,2023-03,CAGR_TURNAROUND,field=net_profit,window=5yr
ADANIGREEN,2023-03,CAGR_TURNAROUND,field=eps,window=5yr
ADANIGREEN,2024-03,CAGR_TURNAROUND,field=net_profit,window=5yr
ADANIGREEN,2024-03,CAGR_TURNAROUND,field=eps,window=5yr
ADANIPOWER,2016-03,CAGR_TURNAROUND,field=net_profit,window=3yr
ADANIPOWER,2016-03,CAGR_TURNAROUND,field=eps,window=3yr
ADANIPOWER,2019-03,CAGR_DECLINE_TO_LOSS,field=net_profit,window=3yr
ADANIPOWER,2019-03,CAGR_DECLINE_TO_LOSS,field=eps,window=3yr
ADANIPOWER,2021-03,CAGR_TURNAROUND,field=net_profit,window=3yr
ADANIPOWER,2021-03,CAGR_TURNAROUND,field=eps,window=3yr
ADANIPOWER,2022-03,CAGR_TURNAROUND,field=net_profit,window=3yr
ADANIPOWER,2022-03,CAGR_TURNAROUND,field=net_profit,window=5yr
ADANIPOWER,2022-03,CAGR_TURNAROUND,field=eps,window=3yr
ADANIPOWER,2022-03,CAGR_TURNAROUND,field=eps,window=5yr
ADANIPOWER,2023-03,CAGR_TURNAROUND,field=net_profit,window=3yr
ADANIPOWER,2023-03,CAGR_TURNAROUND,field=net_profit,window=5yr
ADANIPOWER,2023-03,CAGR_TURNAROUND,field=net_profit,window=10yr
ADANIPOWER,2023-03,CAGR_TURNAROUND,field=eps,window=3yr
ADANIPOWER,2023-03,CAGR_TURNAROUND,field=eps,window=5yr
ADANIPOWER,2023-03,CAGR_TURNAROUND,field=eps,window=10yr
ADANIPOWER,2024-03,CAGR_TURNAROUND,field=net_profit,window=5yr
ADANIPOWER,2024-03,CAGR_TURNAROUND,field=net_profit,window=10yr
ADANIPOWER,2024-03,CAGR_TURNAROUND,field=eps,window=5yr
ADANIPOWER,2024-03,CAGR_TURNAROUND,field=eps,window=10yr
AXISBANK,2013-03,OPM_CROSSCHECK_MISMATCH,source=1353.0,computed=30.58
AXISBANK,2014-03,OPM_CROSSCHECK_MISMATCH,source=2307.0,computed=31.47
AXISBANK,2015-03,OPM_CROSSCHECK_MISMATCH,source=3097.0,computed=31.36
AXISBANK,2016-03,OPM_CROSSCHECK_MISMATCH,source=3466.0,computed=32.61
AXISBANK,2017-03,OPM_CROSSCHECK_MISMATCH,source=-5715.0,computed=53.45
AXISBANK,2018-03,OPM_CROSSCHECK_MISMATCH,source=-10277.0,computed=63.12
AXISBANK,2019-03,OPM_CROSSCHECK_MISMATCH,source=-5447.0,computed=49.39
AXISBANK,2020-03,OPM_CROSSCHECK_MISMATCH,source=-9859.0,computed=55.98
AXISBANK,2021-03,OPM_CROSSCHECK_MISMATCH,source=-2510.0,computed=50.12
AXISBANK,2022-03,OPM_CROSSCHECK_MISMATCH,source=3170.0,computed=44.47
AXISBANK,2023-03,OPM_CROSSCHECK_MISMATCH,source=13857.0,computed=34.16
AXISBANK,2024-03,OPM_CROSSCHECK_MISMATCH,source=11952.0,computed=34.69
BAJAJHLDNG,2013-03,ICR_DEBT_FREE,interest=0.0
BAJAJHLDNG,2014-03,ICR_DEBT_FREE,interest=0.0
BAJAJHLDNG,2015-03,ICR_DEBT_FREE,interest=0.0
BAJAJHLDNG,2016-03,ICR_DEBT_FREE,interest=0.0
BAJAJHLDNG,2017-03,ICR_DEBT_FREE,interest=0.0
BAJAJHLDNG,2018-03,ICR_DEBT_FREE,interest=0.0
BAJAJHLDNG,2019-03,ICR_DEBT_FREE,interest=0.0
BAJFINANCE,2015-03,OPM_CROSSCHECK_MISMATCH,source=1367.0,computed=32.49
BAJFINANCE,2016-03,OPM_CROSSCHECK_MISMATCH,source=1986.0,computed=32.25
BAJFINANCE,2017-03,OPM_CROSSCHECK_MISMATCH,source=2867.0,computed=32.60
BAJFINANCE,2018-03,OPM_CROSSCHECK_MISMATCH,source=3935.0,computed=32.28
BAJFINANCE,2019-03,OPM_CROSSCHECK_MISMATCH,source=6310.0,computed=29.50
BAJFINANCE,2020-03,OPM_CROSSCHECK_MISMATCH,source=7608.0,computed=34.73
BAJFINANCE,2021-03,OPM_CROSSCHECK_MISMATCH,source=6314.0,computed=40.64
BAJFINANCE,2022-03,OPM_CROSSCHECK_MISMATCH,source=9906.0,computed=37.55
BAJFINANCE,2023-03,OPM_CROSSCHECK_MISMATCH,source=16018.0,computed=30.65
BAJFINANCE,2024-03,OPM_CROSSCHECK_MISMATCH,source=19987.0,computed=29.29
BANKBARODA,2013-03,OPM_CROSSCHECK_MISMATCH,source=1006.0,computed=30.05
BANKBARODA,2014-03,OPM_CROSSCHECK_MISMATCH,source=809.0,computed=29.78
BANKBARODA,2015-03,OPM_CROSSCHECK_MISMATCH,source=902.0,computed=29.98
BANKBARODA,2016-03,OPM_CROSSCHECK_MISMATCH,source=-11700.0,computed=55.44
BANKBARODA,2016-03,CAGR_DECLINE_TO_LOSS,field=net_profit,window=3yr
BANKBARODA,2016-03,CAGR_DECLINE_TO_LOSS,field=eps,window=3yr
BANKBARODA,2017-03,OPM_CROSSCHECK_MISMATCH,source=-4372.0,computed=43.28
BANKBARODA,2018-03,OPM_CROSSCHECK_MISMATCH,source=-9197.0,computed=56.65
BANKBARODA,2018-03,CAGR_DECLINE_TO_LOSS,field=net_profit,window=3yr
BANKBARODA,2018-03,CAGR_DECLINE_TO_LOSS,field=net_profit,window=5yr
BANKBARODA,2018-03,CAGR_DECLINE_TO_LOSS,field=eps,window=3yr
BANKBARODA,2018-03,CAGR_DECLINE_TO_LOSS,field=eps,window=5yr
BANKBARODA,2019-03,OPM_CROSSCHECK_MISMATCH,source=-5414.0,computed=48.79
BANKBARODA,2019-03,CAGR_TURNAROUND,field=net_profit,window=3yr
BANKBARODA,2019-03,CAGR_TURNAROUND,field=eps,window=3yr
BANKBARODA,2020-03,OPM_CROSSCHECK_MISMATCH,source=-11728.0,computed=51.44
BANKBARODA,2021-03,OPM_CROSSCHECK_MISMATCH,source=-6957.0,computed=51.23
BANKBARODA,2021-03,CAGR_TURNAROUND,field=net_profit,window=3yr
BANKBARODA,2021-03,CAGR_TURNAROUND,field=net_profit,window=5yr
BANKBARODA,2021-03,CAGR_TURNAROUND,field=eps,window=3yr
BANKBARODA,2021-03,CAGR_TURNAROUND,field=eps,window=5yr
BANKBARODA,2022-03,OPM_CROSSCHECK_MISMATCH,source=-2948.0,computed=51.12
BANKBARODA,2023-03,OPM_CROSSCHECK_MISMATCH,source=6329.0,computed=40.45
BANKBARODA,2023-03,CAGR_TURNAROUND,field=net_profit,window=5yr
BANKBARODA,2023-03,CAGR_TURNAROUND,field=eps,window=5yr
BANKBARODA,2024-03,OPM_CROSSCHECK_MISMATCH,source=4102.0,computed=37.49
BHARTIARTL,2020-03,CAGR_DECLINE_TO_LOSS,field=net_profit,window=3yr
BHARTIARTL,2020-03,CAGR_DECLINE_TO_LOSS,field=net_profit,window=5yr
BHARTIARTL,2020-03,CAGR_DECLINE_TO_LOSS,field=eps,window=3yr
BHARTIARTL,2020-03,CAGR_DECLINE_TO_LOSS,field=eps,window=5yr
BHARTIARTL,2021-03,CAGR_DECLINE_TO_LOSS,field=net_profit,window=3yr
BHARTIARTL,2021-03,CAGR_DECLINE_TO_LOSS,field=net_profit,window=5yr
BHARTIARTL,2021-03,CAGR_DECLINE_TO_LOSS,field=eps,window=3yr
BHARTIARTL,2021-03,CAGR_DECLINE_TO_LOSS,field=eps,window=5yr
BHARTIARTL,2023-03,CAGR_TURNAROUND,field=net_profit,window=3yr
BHARTIARTL,2023-03,CAGR_TURNAROUND,field=eps,window=3yr
BHARTIARTL,2024-03,CAGR_TURNAROUND,field=net_profit,window=3yr
BHARTIARTL,2024-03,CAGR_TURNAROUND,field=eps,window=3yr
BHEL,2016-03,CAGR_DECLINE_TO_LOSS,field=net_profit,window=3yr
BHEL,2016-03,CAGR_DECLINE_TO_LOSS,field=eps,window=3yr
BHEL,2019-03,CAGR_TURNAROUND,field=net_profit,window=3yr
BHEL,2019-03,CAGR_TURNAROUND,field=eps,window=3yr
BHEL,2020-03,CAGR_DECLINE_TO_LOSS,field=net_profit,window=3yr
BHEL,2020-03,CAGR_DECLINE_TO_LOSS,field=net_profit,window=5yr
BHEL,2020-03,CAGR_DECLINE_TO_LOSS,field=eps,window=3yr
BHEL,2020-03,CAGR_DECLINE_TO_LOSS,field=eps,window=5yr
BHEL,2021-03,CAGR_DECLINE_TO_LOSS,field=net_profit,window=3yr
BHEL,2021-03,CAGR_DECLINE_TO_LOSS,field=eps,window=3yr
BHEL,2023-03,CAGR_TURNAROUND,field=net_profit,window=3yr
BHEL,2023-03,CAGR_TURNAROUND,field=eps,window=3yr
BHEL,2024-03,CAGR_TURNAROUND,field=net_profit,window=3yr
BHEL,2024-03,CAGR_TURNAROUND,field=eps,window=3yr
BOSCHLTD,2013-12,ICR_DEBT_FREE,interest=0.0
CANBK,2013-03,OPM_CROSSCHECK_MISMATCH,source=655.0,computed=21.18
CANBK,2014-03,OPM_CROSSCHECK_MISMATCH,source=-672.0,computed=24.35
CANBK,2015-03,OPM_CROSSCHECK_MISMATCH,source=-621.0,computed=23.51
CANBK,2016-03,OPM_CROSSCHECK_MISMATCH,source=-8008.0,computed=40.38
CANBK,2016-03,CAGR_DECLINE_TO_LOSS,field=net_profit,window=3yr
CANBK,2016-03,CAGR_DECLINE_TO_LOSS,field=eps,window=3yr
CANBK,2017-03,OPM_CROSSCHECK_MISMATCH,source=-5775.0,computed=37.85
CANBK,2018-03,OPM_CROSSCHECK_MISMATCH,source=-13350.0,computed=61.87
CANBK,2018-03,CAGR_DECLINE_TO_LOSS,field=net_profit,window=3yr
CANBK,2018-03,CAGR_DECLINE_TO_LOSS,field=net_profit,window=5yr
CANBK,2018-03,CAGR_DECLINE_TO_LOSS,field=eps,window=3yr
CANBK,2018-03,CAGR_DECLINE_TO_LOSS,field=eps,window=5yr
CANBK,2019-03,OPM_CROSSCHECK_MISMATCH,source=-11590.0,computed=56.73
CANBK,2019-03,CAGR_TURNAROUND,field=net_profit,window=3yr
CANBK,2019-03,CAGR_TURNAROUND,field=eps,window=3yr
CANBK,2020-03,OPM_CROSSCHECK_MISMATCH,source=-12867.0,computed=53.88
CANBK,2020-03,CAGR_DECLINE_TO_LOSS,field=net_profit,window=3yr
CANBK,2020-03,CAGR_DECLINE_TO_LOSS,field=net_profit,window=5yr
CANBK,2020-03,CAGR_DECLINE_TO_LOSS,field=eps,window=3yr
CANBK,2020-03,CAGR_DECLINE_TO_LOSS,field=eps,window=5yr
CANBK,2021-03,OPM_CROSSCHECK_MISMATCH,source=-18367.0,computed=61.83
CANBK,2021-03,CAGR_TURNAROUND,field=net_profit,window=3yr
CANBK,2021-03,CAGR_TURNAROUND,field=net_profit,window=5yr
CANBK,2021-03,CAGR_TURNAROUND,field=eps,window=3yr
CANBK,2021-03,CAGR_TURNAROUND,field=eps,window=5yr
CANBK,2022-03,OPM_CROSSCHECK_MISMATCH,source=-13657.0,computed=58.39
CANBK,2023-03,OPM_CROSSCHECK_MISMATCH,source=-9877.0,computed=49.80
CANBK,2023-03,CAGR_TURNAROUND,field=net_profit,window=3yr
CANBK,2023-03,CAGR_TURNAROUND,field=net_profit,window=5yr
CANBK,2023-03,CAGR_TURNAROUND,field=eps,window=3yr
CANBK,2023-03,CAGR_TURNAROUND,field=eps,window=5yr
CANBK,2024-03,OPM_CROSSCHECK_MISMATCH,source=-7745.0,computed=41.75
CHOLAFIN,2013-03,OPM_CROSSCHECK_MISMATCH,source=472.0,computed=26.77
CHOLAFIN,2014-03,OPM_CROSSCHECK_MISMATCH,source=578.0,computed=28.42
CHOLAFIN,2015-03,OPM_CROSSCHECK_MISMATCH,source=696.0,computed=28.56
CHOLAFIN,2015-03,ICR_DEBT_FREE,interest=0.0
CHOLAFIN,2016-03,OPM_CROSSCHECK_MISMATCH,source=899.0,computed=30.04
CHOLAFIN,2017-03,OPM_CROSSCHECK_MISMATCH,source=1143.0,computed=28.16
CHOLAFIN,2018-03,OPM_CROSSCHECK_MISMATCH,source=1451.0,computed=26.10
CHOLAFIN,2018-03,ICR_DEBT_FREE,interest=0.0
CHOLAFIN,2019-03,OPM_CROSSCHECK_MISMATCH,source=1888.0,computed=22.96
CHOLAFIN,2020-03,OPM_CROSSCHECK_MISMATCH,source=1699.0,computed=27.79
CHOLAFIN,2020-03,ICR_DEBT_FREE,interest=0.0
CHOLAFIN,2021-03,OPM_CROSSCHECK_MISMATCH,source=2094.0,computed=30.40
CHOLAFIN,2022-03,OPM_CROSSCHECK_MISMATCH,source=2924.0,computed=28.83
CHOLAFIN,2023-03,OPM_CROSSCHECK_MISMATCH,source=3515.0,computed=28.10
CHOLAFIN,2024-03,OPM_CROSSCHECK_MISMATCH,source=4548.0,computed=28.10
CIPLA,2013-03,OPM_CROSSCHECK_MISMATCH,source=2214.0,computed=73.26
CIPLA,2014-03,OPM_CROSSCHECK_MISMATCH,source=2147.0,computed=78.90
CIPLA,2015-03,OPM_CROSSCHECK_MISMATCH,source=2163.0,computed=80.94
CIPLA,2016-03,OPM_CROSSCHECK_MISMATCH,source=2480.0,computed=82.02
CIPLA,2017-03,OPM_CROSSCHECK_MISMATCH,source=2496.0,computed=82.66
CIPLA,2018-03,OPM_CROSSCHECK_MISMATCH,source=2826.0,computed=81.35
CIPLA,2019-03,OPM_CROSSCHECK_MISMATCH,source=3097.0,computed=81.07
CIPLA,2020-03,OPM_CROSSCHECK_MISMATCH,source=3206.0,computed=81.29
CIPLA,2021-03,OPM_CROSSCHECK_MISMATCH,source=4252.0,computed=77.80
CIPLA,2022-03,OPM_CROSSCHECK_MISMATCH,source=4553.0,computed=79.08
CIPLA,2023-03,OPM_CROSSCHECK_MISMATCH,source=5027.0,computed=77.91
CIPLA,2024-03,OPM_CROSSCHECK_MISMATCH,source=6291.0,computed=75.59
COALINDIA,2013-03,OPM_CROSSCHECK_MISMATCH,source=18087.0,computed=73.52
COALINDIA,2014-03,OPM_CROSSCHECK_MISMATCH,source=17766.0,computed=74.84
COALINDIA,2015-03,OPM_CROSSCHECK_MISMATCH,source=17343.0,computed=76.60
COALINDIA,2016-03,OPM_CROSSCHECK_MISMATCH,source=18714.0,computed=75.96
COALINDIA,2017-03,OPM_CROSSCHECK_MISMATCH,source=12448.0,computed=84.07
COALINDIA,2018-03,OPM_CROSSCHECK_MISMATCH,source=9288.0,computed=89.10
COALINDIA,2019-03,OPM_CROSSCHECK_MISMATCH,source=25007.0,computed=74.89
COALINDIA,2020-03,OPM_CROSSCHECK_MISMATCH,source=21581.0,computed=77.54
COALINDIA,2021-03,OPM_CROSSCHECK_MISMATCH,source=18628.0,computed=79.31
COALINDIA,2022-03,OPM_CROSSCHECK_MISMATCH,source=24721.0,computed=77.47
COALINDIA,2023-03,OPM_CROSSCHECK_MISMATCH,source=44232.0,computed=68.01
COALINDIA,2024-03,OPM_CROSSCHECK_MISMATCH,source=47971.0,computed=66.29
DLF,2020-03,CAGR_DECLINE_TO_LOSS,field=net_profit,window=3yr
DLF,2020-03,CAGR_DECLINE_TO_LOSS,field=net_profit,window=5yr
DLF,2020-03,CAGR_DECLINE_TO_LOSS,field=eps,window=3yr
DLF,2020-03,CAGR_DECLINE_TO_LOSS,field=eps,window=5yr
DLF,2023-03,CAGR_TURNAROUND,field=net_profit,window=3yr
DLF,2023-03,CAGR_TURNAROUND,field=eps,window=3yr
GODREJCP,2024-03,CAGR_DECLINE_TO_LOSS,field=net_profit,window=3yr
GODREJCP,2024-03,CAGR_DECLINE_TO_LOSS,field=net_profit,window=5yr
GODREJCP,2024-03,CAGR_DECLINE_TO_LOSS,field=net_profit,window=10yr
GODREJCP,2024-03,CAGR_DECLINE_TO_LOSS,field=eps,window=3yr
GODREJCP,2024-03,CAGR_DECLINE_TO_LOSS,field=eps,window=5yr
GODREJCP,2024-03,CAGR_DECLINE_TO_LOSS,field=eps,window=10yr
HDFCBANK,2013-03,OPM_CROSSCHECK_MISMATCH,source=3534.0,computed=35.22
HDFCBANK,2014-03,OPM_CROSSCHECK_MISMATCH,source=5602.0,computed=31.74
HDFCBANK,2015-03,OPM_CROSSCHECK_MISMATCH,source=7214.0,computed=31.90
HDFCBANK,2016-03,OPM_CROSSCHECK_MISMATCH,source=9037.0,computed=31.75
HDFCBANK,2017-03,OPM_CROSSCHECK_MISMATCH,source=11374.0,computed=32.56
HDFCBANK,2018-03,OPM_CROSSCHECK_MISMATCH,source=13374.0,computed=34.63
HDFCBANK,2019-03,OPM_CROSSCHECK_MISMATCH,source=16592.0,computed=33.15
HDFCBANK,2020-03,OPM_CROSSCHECK_MISMATCH,source=14593.0,computed=37.20
HDFCBANK,2021-03,OPM_CROSSCHECK_MISMATCH,source=16848.0,computed=40.81
HDFCBANK,2022-03,OPM_CROSSCHECK_MISMATCH,source=20795.0,computed=41.61
HDFCBANK,2023-03,OPM_CROSSCHECK_MISMATCH,source=29932.0,computed=36.92
HDFCBANK,2024-03,OPM_CROSSCHECK_MISMATCH,source=-44685.0,computed=61.41
HDFCLIFE,2013-03,OPM_CROSSCHECK_MISMATCH,source=525.0,computed=96.27
HDFCLIFE,2014-03,OPM_CROSSCHECK_MISMATCH,source=605.0,computed=96.48
HDFCLIFE,2015-03,OPM_CROSSCHECK_MISMATCH,source=874.0,computed=96.79
HDFCLIFE,2016-03,OPM_CROSSCHECK_MISMATCH,source=953.0,computed=94.74
HDFCLIFE,2017-03,OPM_CROSSCHECK_MISMATCH,source=972.0,computed=96.83
HDFCLIFE,2018-03,OPM_CROSSCHECK_MISMATCH,source=1074.0,computed=96.67
HDFCLIFE,2019-03,OPM_CROSSCHECK_MISMATCH,source=1215.0,computed=96.87
HDFCLIFE,2020-03,OPM_CROSSCHECK_MISMATCH,source=1141.0,computed=96.12
HDFCLIFE,2021-03,OPM_CROSSCHECK_MISMATCH,source=1235.0,computed=98.27
HDFCLIFE,2022-03,OPM_CROSSCHECK_MISMATCH,source=778.0,computed=98.84
HDFCLIFE,2023-03,OPM_CROSSCHECK_MISMATCH,source=80.0,computed=99.89
HDFCLIFE,2024-03,OPM_CROSSCHECK_MISMATCH,source=531.0,computed=99.48
HEROMOTOCO,2014-03,OPM_CROSSCHECK_MISMATCH,source=3553.0,computed=85.94
HEROMOTOCO,2015-03,OPM_CROSSCHECK_MISMATCH,source=3520.0,computed=87.22
HEROMOTOCO,2016-03,OPM_CROSSCHECK_MISMATCH,source=4424.0,computed=84.45
HEROMOTOCO,2017-03,OPM_CROSSCHECK_MISMATCH,source=4585.0,computed=83.97
HEROMOTOCO,2018-03,OPM_CROSSCHECK_MISMATCH,source=5334.0,computed=83.57
HEROMOTOCO,2019-03,OPM_CROSSCHECK_MISMATCH,source=5025.0,computed=85.21
HEROMOTOCO,2020-03,OPM_CROSSCHECK_MISMATCH,source=4070.0,computed=86.09
HEROMOTOCO,2021-03,OPM_CROSSCHECK_MISMATCH,source=4058.0,computed=86.90
HEROMOTOCO,2022-03,OPM_CROSSCHECK_MISMATCH,source=3256.0,computed=88.98
HEROMOTOCO,2023-03,OPM_CROSSCHECK_MISMATCH,source=4099.0,computed=88.00
HEROMOTOCO,2024-03,OPM_CROSSCHECK_MISMATCH,source=5235.0,computed=86.15
HINDALCO,2013-03,OPM_CROSSCHECK_MISMATCH,source=7699.0,computed=90.40
HINDALCO,2014-03,OPM_CROSSCHECK_MISMATCH,source=8024.0,computed=90.85
HINDALCO,2015-03,OPM_CROSSCHECK_MISMATCH,source=8844.0,computed=91.52
HINDALCO,2016-03,OPM_CROSSCHECK_MISMATCH,source=7778.0,computed=92.12
HINDALCO,2016-03,CAGR_DECLINE_TO_LOSS,field=net_profit,window=3yr
HINDALCO,2016-03,CAGR_DECLINE_TO_LOSS,field=eps,window=3yr
HINDALCO,2017-03,OPM_CROSSCHECK_MISMATCH,source=12317.0,computed=87.71
HINDALCO,2018-03,OPM_CROSSCHECK_MISMATCH,source=13695.0,computed=88.11
HINDALCO,2019-03,OPM_CROSSCHECK_MISMATCH,source=15511.0,computed=88.12
HINDALCO,2019-03,CAGR_TURNAROUND,field=net_profit,window=3yr
HINDALCO,2019-03,CAGR_TURNAROUND,field=eps,window=3yr
HINDALCO,2020-03,OPM_CROSSCHECK_MISMATCH,source=14306.0,computed=87.89
HINDALCO,2021-03,OPM_CROSSCHECK_MISMATCH,source=17559.0,computed=86.70
HINDALCO,2021-03,CAGR_TURNAROUND,field=net_profit,window=5yr
HINDALCO,2021-03,CAGR_TURNAROUND,field=eps,window=5yr
HINDALCO,2022-03,OPM_CROSSCHECK_MISMATCH,source=28347.0,computed=85.47
HINDALCO,2023-03,OPM_CROSSCHECK_MISMATCH,source=22666.0,computed=89.85
HINDALCO,2024-03,OPM_CROSSCHECK_MISMATCH,source=23872.0,computed=88.95
HINDUNILVR,2013-03,OPM_CROSSCHECK_MISMATCH,source=4220.0,computed=84.37
HINDUNILVR,2014-03,OPM_CROSSCHECK_MISMATCH,source=4759.0,computed=83.72
HINDUNILVR,2015-03,OPM_CROSSCHECK_MISMATCH,source=5412.0,computed=83.07
HINDUNILVR,2016-03,OPM_CROSSCHECK_MISMATCH,source=5910.0,computed=81.64
HINDUNILVR,2017-03,OPM_CROSSCHECK_MISMATCH,source=6328.0,computed=80.92
HINDUNILVR,2018-03,OPM_CROSSCHECK_MISMATCH,source=7499.0,computed=78.90
HINDUNILVR,2019-03,OPM_CROSSCHECK_MISMATCH,source=8880.0,computed=77.41
HINDUNILVR,2020-03,OPM_CROSSCHECK_MISMATCH,source=9861.0,computed=75.21
HINDUNILVR,2021-03,OPM_CROSSCHECK_MISMATCH,source=11626.0,computed=75.28
HINDUNILVR,2022-03,OPM_CROSSCHECK_MISMATCH,source=12857.0,computed=75.49
HINDUNILVR,2023-03,OPM_CROSSCHECK_MISMATCH,source=14147.0,computed=76.65
HINDUNILVR,2024-03,OPM_CROSSCHECK_MISMATCH,source=14659.0,computed=76.32
ICICIBANK,2013-03,OPM_CROSSCHECK_MISMATCH,source=-15085.0,computed=70.59
ICICIBANK,2014-03,OPM_CROSSCHECK_MISMATCH,source=-13084.0,computed=66.40
ICICIBANK,2015-03,OPM_CROSSCHECK_MISMATCH,source=-16120.0,computed=70.53
ICICIBANK,2016-03,OPM_CROSSCHECK_MISMATCH,source=-26955.0,computed=88.12
ICICIBANK,2017-03,OPM_CROSSCHECK_MISMATCH,source=-37737.0,computed=104.76
ICICIBANK,2018-03,OPM_CROSSCHECK_MISMATCH,source=-44906.0,computed=117.12
ICICIBANK,2019-03,OPM_CROSSCHECK_MISMATCH,source=-50971.0,computed=116.38
ICICIBANK,2020-03,OPM_CROSSCHECK_MISMATCH,source=-45190.0,computed=100.62
ICICIBANK,2021-03,OPM_CROSSCHECK_MISMATCH,source=-44805.0,computed=102.41
ICICIBANK,2022-03,OPM_CROSSCHECK_MISMATCH,source=-26558.0,computed=84.69
ICICIBANK,2023-03,OPM_CROSSCHECK_MISMATCH,source=-17341.0,computed=72.57
ICICIBANK,2024-03,OPM_CROSSCHECK_MISMATCH,source=-14152.0,computed=62.41
ICICIGI,2013-03,OPM_CROSSCHECK_MISMATCH,source=-178.0,computed=104.46
ICICIGI,2014-03,OPM_CROSSCHECK_MISMATCH,source=-225.0,computed=105.19
ICICIGI,2015-03,OPM_CROSSCHECK_MISMATCH,source=-221.0,computed=105.24
ICICIGI,2016-03,OPM_CROSSCHECK_MISMATCH,source=764.0,computed=87.34
ICICIGI,2016-03,ICR_DEBT_FREE,interest=0.0
ICICIGI,2017-03,OPM_CROSSCHECK_MISMATCH,source=919.0,computed=87.78
ICICIGI,2018-03,OPM_CROSSCHECK_MISMATCH,source=-262.0,computed=103.79
ICICIGI,2019-03,OPM_CROSSCHECK_MISMATCH,source=1669.0,computed=85.05
ICICIGI,2020-03,OPM_CROSSCHECK_MISMATCH,source=1772.0,computed=84.61
ICICIGI,2021-03,OPM_CROSSCHECK_MISMATCH,source=2072.0,computed=82.97
ICICIGI,2022-03,OPM_CROSSCHECK_MISMATCH,source=1016.0,computed=93.66
ICICIGI,2023-03,OPM_CROSSCHECK_MISMATCH,source=1264.0,computed=92.93
ICICIGI,2024-03,OPM_CROSSCHECK_MISMATCH,source=2577.0,computed=87.42
ICICIPRULI,2013-03,OPM_CROSSCHECK_MISMATCH,source=745.0,computed=96.28
ICICIPRULI,2014-03,OPM_CROSSCHECK_MISMATCH,source=1504.0,computed=93.13
ICICIPRULI,2015-03,OPM_CROSSCHECK_MISMATCH,source=1655.0,computed=95.20
ICICIPRULI,2016-03,OPM_CROSSCHECK_MISMATCH,source=1842.0,computed=91.17
ICICIPRULI,2016-03,ICR_DEBT_FREE,interest=0.0
ICICIPRULI,2017-03,OPM_CROSSCHECK_MISMATCH,source=1806.0,computed=95.22
ICICIPRULI,2018-03,OPM_CROSSCHECK_MISMATCH,source=1771.0,computed=95.44
ICICIPRULI,2019-03,OPM_CROSSCHECK_MISMATCH,source=541.0,computed=98.70
ICICIPRULI,2020-03,OPM_CROSSCHECK_MISMATCH,source=-319.0,computed=101.52
ICICIPRULI,2021-03,OPM_CROSSCHECK_MISMATCH,source=-390.0,computed=100.47
ICICIPRULI,2022-03,OPM_CROSSCHECK_MISMATCH,source=-2163.0,computed=103.40
ICICIPRULI,2023-03,OPM_CROSSCHECK_MISMATCH,source=-1757.0,computed=103.48
ICICIPRULI,2024-03,OPM_CROSSCHECK_MISMATCH,source=-1829.0,computed=102.03
INDIGO,2013-03,OPM_CROSSCHECK_MISMATCH,source=855.0,computed=90.71
INDIGO,2014-03,OPM_CROSSCHECK_MISMATCH,source=433.0,computed=96.11
INDIGO,2015-03,OPM_CROSSCHECK_MISMATCH,source=1904.0,computed=86.33
INDIGO,2016-03,OPM_CROSSCHECK_MISMATCH,source=3164.0,computed=80.40
INDIGO,2017-03,OPM_CROSSCHECK_MISMATCH,source=2219.0,computed=88.06
INDIGO,2018-03,OPM_CROSSCHECK_MISMATCH,source=3030.0,computed=86.84
INDIGO,2019-03,OPM_CROSSCHECK_MISMATCH,source=-151.0,computed=100.53
INDIGO,2020-03,OPM_CROSSCHECK_MISMATCH,source=4069.0,computed=88.62
INDIGO,2020-03,CAGR_DECLINE_TO_LOSS,field=net_profit,window=3yr
INDIGO,2020-03,CAGR_DECLINE_TO_LOSS,field=net_profit,window=5yr
INDIGO,2020-03,CAGR_DECLINE_TO_LOSS,field=eps,window=3yr
INDIGO,2020-03,CAGR_DECLINE_TO_LOSS,field=eps,window=5yr
INDIGO,2021-03,OPM_CROSSCHECK_MISMATCH,source=2.0,computed=99.98
INDIGO,2021-03,CAGR_DECLINE_TO_LOSS,field=net_profit,window=3yr
INDIGO,2021-03,CAGR_DECLINE_TO_LOSS,field=net_profit,window=5yr
INDIGO,2021-03,CAGR_DECLINE_TO_LOSS,field=eps,window=3yr
INDIGO,2021-03,CAGR_DECLINE_TO_LOSS,field=eps,window=5yr
INDIGO,2022-03,OPM_CROSSCHECK_MISMATCH,source=558.0,computed=97.85
INDIGO,2022-03,CAGR_DECLINE_TO_LOSS,field=net_profit,window=3yr
INDIGO,2022-03,CAGR_DECLINE_TO_LOSS,field=net_profit,window=5yr
INDIGO,2022-03,CAGR_DECLINE_TO_LOSS,field=eps,window=3yr
INDIGO,2022-03,CAGR_DECLINE_TO_LOSS,field=eps,window=5yr
INDIGO,2023-03,OPM_CROSSCHECK_MISMATCH,source=6521.0,computed=88.02
INDIGO,2023-03,CAGR_DECLINE_TO_LOSS,field=net_profit,window=5yr
INDIGO,2023-03,CAGR_DECLINE_TO_LOSS,field=net_profit,window=10yr
INDIGO,2023-03,CAGR_DECLINE_TO_LOSS,field=eps,window=5yr
INDIGO,2023-03,CAGR_DECLINE_TO_LOSS,field=eps,window=10yr
INDIGO,2024-03,OPM_CROSSCHECK_MISMATCH,source=16331.0,computed=76.30
INDIGO,2024-03,CAGR_TURNAROUND,field=net_profit,window=3yr
INDIGO,2024-03,CAGR_TURNAROUND,field=eps,window=3yr
INDUSINDBK,2013-03,OPM_CROSSCHECK_MISMATCH,source=286.0,computed=27.88
INDUSINDBK,2014-03,OPM_CROSSCHECK_MISMATCH,source=335.0,computed=30.95
INDUSINDBK,2015-03,OPM_CROSSCHECK_MISMATCH,source=288.0,computed=32.33
INDUSINDBK,2016-03,OPM_CROSSCHECK_MISMATCH,source=329.0,computed=35.28
INDUSINDBK,2017-03,OPM_CROSSCHECK_MISMATCH,source=379.0,computed=39.46
INDUSINDBK,2018-03,OPM_CROSSCHECK_MISMATCH,source=942.0,computed=37.93
INDUSINDBK,2019-03,OPM_CROSSCHECK_MISMATCH,source=-437.0,computed=41.70
INDUSINDBK,2020-03,OPM_CROSSCHECK_MISMATCH,source=-553.0,computed=43.81
INDUSINDBK,2021-03,OPM_CROSSCHECK_MISMATCH,source=-2469.0,computed=55.16
INDUSINDBK,2022-03,OPM_CROSSCHECK_MISMATCH,source=-839.0,computed=51.39
INDUSINDBK,2023-03,OPM_CROSSCHECK_MISMATCH,source=2067.0,computed=42.69
INDUSINDBK,2024-03,OPM_CROSSCHECK_MISMATCH,source=2978.0,computed=38.55
INFY,2016-03,ICR_DEBT_FREE,interest=0.0
INFY,2017-03,ICR_DEBT_FREE,interest=0.0
INFY,2018-03,ICR_DEBT_FREE,interest=0.0
INFY,2019-03,ICR_DEBT_FREE,interest=0.0
IOC,2020-03,CAGR_DECLINE_TO_LOSS,field=net_profit,window=3yr
IOC,2020-03,CAGR_DECLINE_TO_LOSS,field=net_profit,window=5yr
IOC,2020-03,CAGR_DECLINE_TO_LOSS,field=eps,window=3yr
IOC,2020-03,CAGR_DECLINE_TO_LOSS,field=eps,window=5yr
IOC,2023-03,CAGR_TURNAROUND,field=net_profit,window=3yr
IOC,2023-03,CAGR_TURNAROUND,field=eps,window=3yr
IRCTC,2015-03,ICR_DEBT_FREE,interest=0.0
IRCTC,2016-03,ICR_DEBT_FREE,interest=0.0
JINDALSTEL,2016-03,CAGR_DECLINE_TO_LOSS,field=net_profit,window=3yr
JINDALSTEL,2016-03,CAGR_DECLINE_TO_LOSS,field=eps,window=3yr
JINDALSTEL,2017-03,CAGR_DECLINE_TO_LOSS,field=net_profit,window=3yr
JINDALSTEL,2017-03,CAGR_DECLINE_TO_LOSS,field=eps,window=3yr
JINDALSTEL,2018-03,CAGR_DECLINE_TO_LOSS,field=net_profit,window=5yr
JINDALSTEL,2018-03,CAGR_DECLINE_TO_LOSS,field=eps,window=5yr
JINDALSTEL,2019-03,CAGR_DECLINE_TO_LOSS,field=net_profit,window=5yr
JINDALSTEL,2019-03,CAGR_DECLINE_TO_LOSS,field=eps,window=5yr
JINDALSTEL,2021-03,CAGR_TURNAROUND,field=net_profit,window=3yr
JINDALSTEL,2021-03,CAGR_TURNAROUND,field=net_profit,window=5yr
JINDALSTEL,2021-03,CAGR_TURNAROUND,field=eps,window=3yr
JINDALSTEL,2021-03,CAGR_TURNAROUND,field=eps,window=5yr
JINDALSTEL,2022-03,CAGR_TURNAROUND,field=net_profit,window=3yr
JINDALSTEL,2022-03,CAGR_TURNAROUND,field=net_profit,window=5yr
JINDALSTEL,2022-03,CAGR_TURNAROUND,field=eps,window=3yr
JINDALSTEL,2022-03,CAGR_TURNAROUND,field=eps,window=5yr
JINDALSTEL,2023-03,CAGR_TURNAROUND,field=net_profit,window=3yr
JINDALSTEL,2023-03,CAGR_TURNAROUND,field=net_profit,window=5yr
JINDALSTEL,2023-03,CAGR_TURNAROUND,field=eps,window=3yr
JINDALSTEL,2023-03,CAGR_TURNAROUND,field=eps,window=5yr
JINDALSTEL,2024-03,CAGR_TURNAROUND,field=net_profit,window=5yr
JINDALSTEL,2024-03,CAGR_TURNAROUND,field=eps,window=5yr
JIOFIN,2023-03,OPM_CROSSCHECK_MISMATCH,source=88.0,computed=86.67
JIOFIN,2023-03,ICR_DEBT_FREE,interest=0.0
JSWSTEEL,2016-03,CAGR_DECLINE_TO_LOSS,field=net_profit,window=3yr
JSWSTEEL,2016-03,CAGR_DECLINE_TO_LOSS,field=eps,window=3yr
JSWSTEEL,2019-03,CAGR_TURNAROUND,field=net_profit,window=3yr
JSWSTEEL,2019-03,CAGR_TURNAROUND,field=eps,window=3yr
JSWSTEEL,2021-03,CAGR_TURNAROUND,field=net_profit,window=5yr
JSWSTEEL,2021-03,CAGR_TURNAROUND,field=eps,window=5yr
KOTAKBANK,2013-03,OPM_CROSSCHECK_MISMATCH,source=-1789.0,computed=60.92
KOTAKBANK,2014-03,OPM_CROSSCHECK_MISMATCH,source=-1379.0,computed=58.84
KOTAKBANK,2015-03,OPM_CROSSCHECK_MISMATCH,source=-3366.0,computed=72.96
KOTAKBANK,2016-03,OPM_CROSSCHECK_MISMATCH,source=-2263.0,computed=56.57
KOTAKBANK,2017-03,OPM_CROSSCHECK_MISMATCH,source=-3965.0,computed=66.44
KOTAKBANK,2018-03,OPM_CROSSCHECK_MISMATCH,source=-4141.0,computed=66.87
KOTAKBANK,2019-03,OPM_CROSSCHECK_MISMATCH,source=-5114.0,computed=66.23
KOTAKBANK,2020-03,OPM_CROSSCHECK_MISMATCH,source=-5005.0,computed=67.45
KOTAKBANK,2021-03,OPM_CROSSCHECK_MISMATCH,source=-9958.0,computed=90.83
KOTAKBANK,2022-03,OPM_CROSSCHECK_MISMATCH,source=-8512.0,computed=90.98
KOTAKBANK,2023-03,OPM_CROSSCHECK_MISMATCH,source=-5746.0,computed=79.44
KOTAKBANK,2024-03,OPM_CROSSCHECK_MISMATCH,source=-13382.0,computed=83.67
LICI,2019-03,ICR_DEBT_FREE,interest=0.0
LICI,2020-03,ICR_DEBT_FREE,interest=0.0
LICI,2021-03,ICR_DEBT_FREE,interest=0.0
LICI,2022-03,ICR_DEBT_FREE,interest=0.0
M&M,2020-03,CAGR_DECLINE_TO_LOSS,field=net_profit,window=3yr
M&M,2020-03,CAGR_DECLINE_TO_LOSS,field=net_profit,window=5yr
M&M,2023-03,CAGR_TURNAROUND,field=net_profit,window=3yr
NAUKRI,2017-03,CAGR_DECLINE_TO_LOSS,field=net_profit,window=3yr
NAUKRI,2017-03,CAGR_DECLINE_TO_LOSS,field=eps,window=3yr
NAUKRI,2018-03,CAGR_TURNAROUND,field=net_profit,window=3yr
NAUKRI,2020-03,CAGR_DECLINE_TO_LOSS,field=eps,window=5yr
NAUKRI,2022-03,CAGR_TURNAROUND,field=net_profit,window=5yr
NAUKRI,2022-03,CAGR_TURNAROUND,field=eps,window=5yr
NAUKRI,2023-03,CAGR_DECLINE_TO_LOSS,field=net_profit,window=5yr
NAUKRI,2023-03,CAGR_DECLINE_TO_LOSS,field=net_profit,window=10yr
NAUKRI,2023-03,CAGR_DECLINE_TO_LOSS,field=eps,window=5yr
NAUKRI,2023-03,CAGR_DECLINE_TO_LOSS,field=eps,window=10yr
PNB,2016-03,CAGR_DECLINE_TO_LOSS,field=net_profit,window=3yr
PNB,2016-03,CAGR_DECLINE_TO_LOSS,field=eps,window=3yr
PNB,2018-03,CAGR_DECLINE_TO_LOSS,field=net_profit,window=3yr
PNB,2018-03,CAGR_DECLINE_TO_LOSS,field=net_profit,window=5yr
PNB,2018-03,CAGR_DECLINE_TO_LOSS,field=eps,window=3yr
PNB,2018-03,CAGR_DECLINE_TO_LOSS,field=eps,window=5yr
PNB,2019-03,CAGR_DECLINE_TO_LOSS,field=net_profit,window=5yr
PNB,2019-03,CAGR_DECLINE_TO_LOSS,field=eps,window=5yr
PNB,2021-03,CAGR_TURNAROUND,field=net_profit,window=3yr
PNB,2021-03,CAGR_TURNAROUND,field=net_profit,window=5yr
PNB,2021-03,CAGR_TURNAROUND,field=eps,window=3yr
PNB,2021-03,CAGR_TURNAROUND,field=eps,window=5yr
PNB,2022-03,CAGR_TURNAROUND,field=net_profit,window=3yr
PNB,2022-03,CAGR_TURNAROUND,field=eps,window=3yr
PNB,2023-03,CAGR_TURNAROUND,field=net_profit,window=5yr
PNB,2023-03,CAGR_TURNAROUND,field=eps,window=5yr
PNB,2024-03,CAGR_TURNAROUND,field=net_profit,window=5yr
PNB,2024-03,CAGR_TURNAROUND,field=eps,window=5yr
SBILIFE,2020-03,ICR_DEBT_FREE,interest=0.0
SBILIFE,2021-03,ICR_DEBT_FREE,interest=0.0
SBILIFE,2022-03,ICR_DEBT_FREE,interest=0.0
SBIN,2017-03,CAGR_DECLINE_TO_LOSS,field=net_profit,window=3yr
SBIN,2018-03,CAGR_DECLINE_TO_LOSS,field=net_profit,window=3yr
SBIN,2018-03,CAGR_DECLINE_TO_LOSS,field=net_profit,window=5yr
SBIN,2018-03,CAGR_DECLINE_TO_LOSS,field=eps,window=3yr
SBIN,2018-03,CAGR_DECLINE_TO_LOSS,field=eps,window=5yr
SBIN,2020-03,CAGR_TURNAROUND,field=net_profit,window=3yr
SBIN,2021-03,CAGR_TURNAROUND,field=net_profit,window=3yr
SBIN,2021-03,CAGR_TURNAROUND,field=eps,window=3yr
SBIN,2022-03,CAGR_TURNAROUND,field=net_profit,window=5yr
SBIN,2023-03,CAGR_TURNAROUND,field=net_profit,window=5yr
SBIN,2023-03,CAGR_TURNAROUND,field=eps,window=5yr
SUNPHARMA,2024-03,OPM_CROSSCHECK_MISMATCH,source=28.0,computed=26.84
TATACONSUM,2016-03,CAGR_DECLINE_TO_LOSS,field=net_profit,window=3yr
TATACONSUM,2019-03,CAGR_TURNAROUND,field=net_profit,window=3yr
TATACONSUM,2021-03,CAGR_TURNAROUND,field=net_profit,window=5yr
TATAMOTORS,2019-03,CAGR_DECLINE_TO_LOSS,field=net_profit,window=3yr
TATAMOTORS,2019-03,CAGR_DECLINE_TO_LOSS,field=net_profit,window=5yr
TATAMOTORS,2019-03,CAGR_DECLINE_TO_LOSS,field=eps,window=3yr
TATAMOTORS,2019-03,CAGR_DECLINE_TO_LOSS,field=eps,window=5yr
TATAMOTORS,2020-03,CAGR_DECLINE_TO_LOSS,field=net_profit,window=3yr
TATAMOTORS,2020-03,CAGR_DECLINE_TO_LOSS,field=net_profit,window=5yr
TATAMOTORS,2020-03,CAGR_DECLINE_TO_LOSS,field=eps,window=3yr
TATAMOTORS,2020-03,CAGR_DECLINE_TO_LOSS,field=eps,window=5yr
TATAMOTORS,2021-03,CAGR_DECLINE_TO_LOSS,field=net_profit,window=3yr
TATAMOTORS,2021-03,CAGR_DECLINE_TO_LOSS,field=net_profit,window=5yr
TATAMOTORS,2021-03,CAGR_DECLINE_TO_LOSS,field=eps,window=3yr
TATAMOTORS,2021-03,CAGR_DECLINE_TO_LOSS,field=eps,window=5yr
TATAMOTORS,2022-03,CAGR_DECLINE_TO_LOSS,field=net_profit,window=5yr
TATAMOTORS,2022-03,CAGR_DECLINE_TO_LOSS,field=eps,window=5yr
TATAMOTORS,2023-03,CAGR_TURNAROUND,field=net_profit,window=3yr
TATAMOTORS,2023-03,CAGR_TURNAROUND,field=eps,window=3yr
TATAMOTORS,2024-03,CAGR_TURNAROUND,field=net_profit,window=3yr
TATAMOTORS,2024-03,CAGR_TURNAROUND,field=net_profit,window=5yr
TATAMOTORS,2024-03,CAGR_TURNAROUND,field=eps,window=3yr
TATAMOTORS,2024-03,CAGR_TURNAROUND,field=eps,window=5yr
TATAPOWER,2017-03,CAGR_TURNAROUND,field=eps,window=3yr
TATAPOWER,2019-03,CAGR_TURNAROUND,field=eps,window=5yr
TATAPOWER,2024-03,CAGR_TURNAROUND,field=eps,window=10yr
TATASTEEL,2017-03,CAGR_DECLINE_TO_LOSS,field=net_profit,window=3yr
TATASTEEL,2017-03,CAGR_DECLINE_TO_LOSS,field=eps,window=3yr
TATASTEEL,2018-03,CAGR_TURNAROUND,field=net_profit,window=3yr
TATASTEEL,2018-03,CAGR_TURNAROUND,field=net_profit,window=5yr
TATASTEEL,2018-03,CAGR_TURNAROUND,field=eps,window=3yr
TATASTEEL,2018-03,CAGR_TURNAROUND,field=eps,window=5yr
TATASTEEL,2019-03,CAGR_TURNAROUND,field=net_profit,window=3yr
TATASTEEL,2020-03,CAGR_TURNAROUND,field=net_profit,window=3yr
TATASTEEL,2020-03,CAGR_TURNAROUND,field=net_profit,window=5yr
TATASTEEL,2020-03,CAGR_TURNAROUND,field=eps,window=3yr
TATASTEEL,2020-03,CAGR_TURNAROUND,field=eps,window=5yr
TATASTEEL,2021-03,CAGR_TURNAROUND,field=net_profit,window=5yr
TATASTEEL,2022-03,CAGR_TURNAROUND,field=net_profit,window=5yr
TATASTEEL,2022-03,CAGR_TURNAROUND,field=eps,window=5yr
TATASTEEL,2023-03,CAGR_TURNAROUND,field=net_profit,window=10yr
TATASTEEL,2023-03,CAGR_TURNAROUND,field=eps,window=10yr
TATASTEEL,2024-03,CAGR_DECLINE_TO_LOSS,field=net_profit,window=3yr
TATASTEEL,2024-03,CAGR_DECLINE_TO_LOSS,field=net_profit,window=5yr
TATASTEEL,2024-03,CAGR_DECLINE_TO_LOSS,field=net_profit,window=10yr
TATASTEEL,2024-03,CAGR_DECLINE_TO_LOSS,field=eps,window=3yr
TATASTEEL,2024-03,CAGR_DECLINE_TO_LOSS,field=eps,window=5yr
TATASTEEL,2024-03,CAGR_DECLINE_TO_LOSS,field=eps,window=10yr
TRENT,2016-03,CAGR_TURNAROUND,field=net_profit,window=3yr
TRENT,2016-03,CAGR_TURNAROUND,field=eps,window=3yr
TRENT,2017-03,CAGR_TURNAROUND,field=net_profit,window=3yr
TRENT,2017-03,CAGR_TURNAROUND,field=eps,window=3yr
TRENT,2018-03,CAGR_TURNAROUND,field=net_profit,window=5yr
TRENT,2018-03,CAGR_TURNAROUND,field=eps,window=5yr
TRENT,2019-03,CAGR_TURNAROUND,field=net_profit,window=5yr
TRENT,2019-03,CAGR_TURNAROUND,field=eps,window=5yr
TRENT,2021-03,CAGR_DECLINE_TO_LOSS,field=net_profit,window=3yr
TRENT,2021-03,CAGR_DECLINE_TO_LOSS,field=net_profit,window=5yr
TRENT,2021-03,CAGR_DECLINE_TO_LOSS,field=eps,window=3yr
TRENT,2021-03,CAGR_DECLINE_TO_LOSS,field=eps,window=5yr
TRENT,2023-03,CAGR_TURNAROUND,field=net_profit,window=10yr
TRENT,2023-03,CAGR_TURNAROUND,field=eps,window=10yr
TRENT,2024-03,CAGR_TURNAROUND,field=net_profit,window=3yr
TRENT,2024-03,CAGR_TURNAROUND,field=net_profit,window=10yr
TRENT,2024-03,CAGR_TURNAROUND,field=eps,window=3yr
TRENT,2024-03,CAGR_TURNAROUND,field=eps,window=10yr
